// Jest Snapshot v1, https://goo.gl/fbAQLP

exports[`RealExampleReft should render component 1`] = `
<Fragment>
  <h1>
    RealExampleRef
  </h1>
  <hr />
  <button
    className="btn btn-outline-primary mt-7"
    onClick={[Function]}
  >
    Show/Hide
  </button>
</Fragment>
`;
